../Core/Src/main.c:58:5:__io_putchar	16	static
../Core/Src/main.c:65:6:print_continuously	8	static
../Core/Src/main.c:71:6:jumpAssembly	16	static,ignoring_inline_asm
../Core/Src/main.c:79:6:SVC_Handler_Main	24	static,ignoring_inline_asm
../Core/Src/main.c:107:6:print_success	4	static,ignoring_inline_asm
../Core/Src/main.c:111:6:print_failure	4	static,ignoring_inline_asm
../Core/Src/main.c:114:6:print_unknown	4	static,ignoring_inline_asm
../Core/Src/main.c:117:6:run_first_thread_call	4	static,ignoring_inline_asm
../Core/Src/main.c:132:5:main	24	static,ignoring_inline_asm
../Core/Src/main.c:201:6:SystemClock_Config	88	static
../Core/Src/main.c:248:13:MX_USART2_UART_Init	8	static
../Core/Src/main.c:281:13:MX_GPIO_Init	48	static
../Core/Src/main.c:321:6:Error_Handler	4	static,ignoring_inline_asm
